// Jest Snapshot v1, https://goo.gl/fbAQLP

exports[`<PasswordInput /> renders 1`] = `
ShallowWrapper {
  Symbol(enzyme.__root__): [Circular],
  Symbol(enzyme.__unrendered__): <PasswordInput />,
  Symbol(enzyme.__renderer__): Object {
    "batchedUpdates": [Function],
    "checkPropTypes": [Function],
    "getNode": [Function],
    "render": [Function],
    "simulateError": [Function],
    "simulateEvent": [Function],
    "unmount": [Function],
  },
  Symbol(enzyme.__node__): Object {
    "instance": null,
    "key": undefined,
    "nodeType": "class",
    "props": Object {
      "InputProps": Object {
        "endAdornment": <WithStyles(WithFormControlContext(InputAdornment))
          position="end"
        >
          <WithStyles(IconButton)
            aria-label="Toggle password visibilty"
            id="one"
            onClick={[Function]}
          >
            <pure(VisibilityOffIcon) />
          </WithStyles(IconButton)>
        </WithStyles(WithFormControlContext(InputAdornment))>,
        "inputProps": Object {
          "pattern": "^(?=.*?[A-Z])(?=.*?[a-z])(?=.*?[0-9])(?=.*?[#?!@$%^&*-]).{8,}$",
        },
      },
      "className": undefined,
      "fullWidth": true,
      "label": undefined,
      "onChange": undefined,
      "onKeyUp": undefined,
      "placeholder": "****************",
      "required": false,
      "select": false,
      "type": "password",
      "value": undefined,
      "variant": "outlined",
    },
    "ref": null,
    "rendered": null,
    "type": [Function],
  },
  Symbol(enzyme.__nodes__): Array [
    Object {
      "instance": null,
      "key": undefined,
      "nodeType": "class",
      "props": Object {
        "InputProps": Object {
          "endAdornment": <WithStyles(WithFormControlContext(InputAdornment))
            position="end"
          >
            <WithStyles(IconButton)
              aria-label="Toggle password visibilty"
              id="one"
              onClick={[Function]}
            >
              <pure(VisibilityOffIcon) />
            </WithStyles(IconButton)>
          </WithStyles(WithFormControlContext(InputAdornment))>,
          "inputProps": Object {
            "pattern": "^(?=.*?[A-Z])(?=.*?[a-z])(?=.*?[0-9])(?=.*?[#?!@$%^&*-]).{8,}$",
          },
        },
        "className": undefined,
        "fullWidth": true,
        "label": undefined,
        "onChange": undefined,
        "onKeyUp": undefined,
        "placeholder": "****************",
        "required": false,
        "select": false,
        "type": "password",
        "value": undefined,
        "variant": "outlined",
      },
      "ref": null,
      "rendered": null,
      "type": [Function],
    },
  ],
  Symbol(enzyme.__options__): Object {
    "adapter": ReactSixteenAdapter {
      "options": Object {
        "enableComponentDidUpdateOnSetState": true,
        "legacyContextMode": "parent",
        "lifecycles": Object {
          "componentDidUpdate": Object {
            "onSetState": true,
          },
          "getChildContext": Object {
            "calledByRenderer": false,
          },
          "getDerivedStateFromProps": true,
          "getSnapshotBeforeUpdate": true,
          "setState": Object {
            "skipsComponentDidUpdateOnNullish": true,
          },
        },
      },
    },
  },
}
`;
